set     words.pitch_tolerance = 0.15  (an override, not what the file carries)
model   D:/Dev/OCRcer/wt-12c/model/out/ocrcer.ocrw — 187 classes, 54 faces, 50095 prototypes, lexicon 2477 nodes, bigrams 188 rows, confusions 76
built   engine binary t=1790377338, model file t=1790377499  ** STALE: this binary is older than the model file it just read. A parameter the file carries and this build does not know is dropped silently, so any figure below may be measuring a configuration nobody authored. Rebuild with --features vs-ocrs,pages and re-run. **
pages   214 of 427 in D:/Dev/ExcludedPrivate/ocrcer/pages/finfilings-train (stride 2, offset 0)

end-to-end   CER 21.407%  WER 35.492%  recall 80.806%  precision 75.205%  F1 77.905%
line-matched CER 23.905%  (reading-order-independent)

speed       2623.0s for 214 pages, 12257 ms/page, 0.3 Mpixel/s (recognition only; loading, scoring and rendering excluded)

by px/em
    0px   CER 21.407%  WER 35.492%  (526775 chars)

by face
  21.407%  filing (526775 chars)

top confusions (aligned, end-to-end)
   18273  "\n" -> " "
    5396  "" -> " "
    3288  "." -> ""
    2014  " " -> ""
    1507  "," -> " "
    1258  "i" -> ""
    1188  "t" -> ""
    1177  "0" -> "O"
    1068  "e" -> ""
    1068  "o" -> ""
    1041  "\n" -> ""
     993  "n" -> ""

worst pages
  100.00%  filing__s6__r000595
   99.85%  filing__s5__r000045
   99.76%  filing__s5__r000056
   81.49%  filing__s4__r000782
   79.99%  filing__s4__r000858
   79.38%  filing__s4__r000777
   78.88%  filing__s4__r000833
   78.24%  filing__s4__r000820
   77.64%  filing__s6__r000868
   77.39%  filing__s4__r000886
   77.20%  filing__s5__r000011
   75.91%  filing__s4__r000767
