set     segment.valley_fraction = 0.5  (an override, not what the file carries)
model   D:/Dev/OCRcer/wt-12c/model/out/ocrcer.ocrw — 187 classes, 54 faces, 50095 prototypes, lexicon 2477 nodes, bigrams 188 rows, confusions 76
built   engine binary t=1790377338, model file t=1790377499  ** STALE: this binary is older than the model file it just read. A parameter the file carries and this build does not know is dropped silently, so any figure below may be measuring a configuration nobody authored. Rebuild with --features vs-ocrs,pages and re-run. **
pages   214 of 427 in D:/Dev/ExcludedPrivate/ocrcer/pages/finfilings-train (stride 2, offset 0)

end-to-end   CER 21.593%  WER 35.821%  recall 79.665%  precision 74.999%  F1 77.262%
line-matched CER 24.224%  (reading-order-independent)

speed       2372.2s for 214 pages, 11085 ms/page, 0.3 Mpixel/s (recognition only; loading, scoring and rendering excluded)

by px/em
    0px   CER 21.593%  WER 35.821%  (526775 chars)

by face
  21.593%  filing (526775 chars)

top confusions (aligned, end-to-end)
   18278  "\n" -> " "
    5240  "" -> " "
    3286  "." -> ""
    2364  " " -> ""
    1352  "," -> " "
    1262  "i" -> ""
    1199  "t" -> ""
    1182  "0" -> "O"
    1075  "e" -> ""
    1067  "o" -> ""
    1046  "\n" -> ""
     989  "n" -> ""

worst pages
  100.00%  filing__s6__r000595
   99.85%  filing__s5__r000045
   99.76%  filing__s5__r000056
   81.14%  filing__s4__r000782
   80.13%  filing__s4__r000858
   79.00%  filing__s4__r000777
   78.32%  filing__s4__r000833
   78.13%  filing__s4__r000820
   77.28%  filing__s6__r000868
   77.05%  filing__s5__r000011
   77.00%  filing__s4__r000886
   75.70%  filing__s4__r000767
